// Jest Snapshot v1, https://goo.gl/fbAQLP

exports[`App tests should render 1`] = `
Object {
  "asFragment": [Function],
  "baseElement": <body>
    <div>
      <div>
        <header>
          <h1
            class="logo"
          >
            Math Magicians
          </h1>
          <nav>
            <ul>
              <li>
                <a
                  class="link"
                  href="/"
                >
                  Home
                </a>
              </li>
              <li>
                <a
                  class="link"
                  href="/calculator"
                >
                  Calculator
                </a>
              </li>
              <li>
                <a
                  class="link"
                  href="/quote"
                >
                  Quote
                </a>
              </li>
            </ul>
          </nav>
        </header>
        <div>
          <h2
            class="home-title"
          >
            Welcome to our page
          </h2>
          <p
            class="lorem"
          >
            Lorem ipsum dolor sit amet, consectetur adipisicing elit. Minus, sequi dolorum reiciendis repudiandae, voluptatum molestias veritatis eveniet excepturi iusto dolores eaque obcaecati ab tenetur reprehenderit nemo, labore illum recusandae architecto?
          </p>
          <p
            class="lorem"
          >
            Lorem ipsum dolor sit amet, consectetur adipisicing elit. Minus, sequi dolorum reiciendis repudiandae, voluptatum molestias veritatis eveniet excepturi iusto dolores eaque obcaecati ab tenetur reprehenderit nemo, labore illum recusandae architecto?
          </p>
        </div>
      </div>
    </div>
  </body>,
  "container": <div>
    <div>
      <header>
        <h1
          class="logo"
        >
          Math Magicians
        </h1>
        <nav>
          <ul>
            <li>
              <a
                class="link"
                href="/"
              >
                Home
              </a>
            </li>
            <li>
              <a
                class="link"
                href="/calculator"
              >
                Calculator
              </a>
            </li>
            <li>
              <a
                class="link"
                href="/quote"
              >
                Quote
              </a>
            </li>
          </ul>
        </nav>
      </header>
      <div>
        <h2
          class="home-title"
        >
          Welcome to our page
        </h2>
        <p
          class="lorem"
        >
          Lorem ipsum dolor sit amet, consectetur adipisicing elit. Minus, sequi dolorum reiciendis repudiandae, voluptatum molestias veritatis eveniet excepturi iusto dolores eaque obcaecati ab tenetur reprehenderit nemo, labore illum recusandae architecto?
        </p>
        <p
          class="lorem"
        >
          Lorem ipsum dolor sit amet, consectetur adipisicing elit. Minus, sequi dolorum reiciendis repudiandae, voluptatum molestias veritatis eveniet excepturi iusto dolores eaque obcaecati ab tenetur reprehenderit nemo, labore illum recusandae architecto?
        </p>
      </div>
    </div>
  </div>,
  "debug": [Function],
  "findAllByAltText": [Function],
  "findAllByDisplayValue": [Function],
  "findAllByLabelText": [Function],
  "findAllByPlaceholderText": [Function],
  "findAllByRole": [Function],
  "findAllByTestId": [Function],
  "findAllByText": [Function],
  "findAllByTitle": [Function],
  "findByAltText": [Function],
  "findByDisplayValue": [Function],
  "findByLabelText": [Function],
  "findByPlaceholderText": [Function],
  "findByRole": [Function],
  "findByTestId": [Function],
  "findByText": [Function],
  "findByTitle": [Function],
  "getAllByAltText": [Function],
  "getAllByDisplayValue": [Function],
  "getAllByLabelText": [Function],
  "getAllByPlaceholderText": [Function],
  "getAllByRole": [Function],
  "getAllByTestId": [Function],
  "getAllByText": [Function],
  "getAllByTitle": [Function],
  "getByAltText": [Function],
  "getByDisplayValue": [Function],
  "getByLabelText": [Function],
  "getByPlaceholderText": [Function],
  "getByRole": [Function],
  "getByTestId": [Function],
  "getByText": [Function],
  "getByTitle": [Function],
  "queryAllByAltText": [Function],
  "queryAllByDisplayValue": [Function],
  "queryAllByLabelText": [Function],
  "queryAllByPlaceholderText": [Function],
  "queryAllByRole": [Function],
  "queryAllByTestId": [Function],
  "queryAllByText": [Function],
  "queryAllByTitle": [Function],
  "queryByAltText": [Function],
  "queryByDisplayValue": [Function],
  "queryByLabelText": [Function],
  "queryByPlaceholderText": [Function],
  "queryByRole": [Function],
  "queryByTestId": [Function],
  "queryByText": [Function],
  "queryByTitle": [Function],
  "rerender": [Function],
  "unmount": [Function],
}
`;
